[15:16:03] [36mDEBU[0m[30m test/rvdec_tests.c:85: [0m

───── Run: [34m./test/rvdec_tests[0m
[15:16:03] [36mDEBU[0m[30m test/rvdec_tests.c:81: [0m
───── Sub: [34mtest_decode[0m
[15:16:03] [36mDEBU[0m[30m test/rvdec_tests.c:81: [0mtotal exec 0.106 ms
